{
  "data": "",
  "metadata": {
    "created": "2025-09-21T06:46:30.979Z",
    "testFile": "/Users/sac/gitvan/vendors/citty-test-utils",
    "snapshotName": "validation-test",
    "options": {
      "args": [
        "--help"
      ],
      "cwd": "/Users/sac/gitvan/vendors/citty-test-utils",
      "type": "stdout"
    },
    "version": "1.0.0"
  }
}